// Vitest Snapshot v1, https://vitest.dev/guide/snapshot.html

exports[`worldgen determinism snapshots > matches stored snapshot for all seeds and chunks (regression) 1`] = `
{
  "seed_12345": {
    "-1,-1": {
      "biomeCounts": {
        "plains": 186,
        "savanna": 70,
      },
      "blockCounts": {
        "air": 25621,
        "bedrock": 256,
        "dirt": 698,
        "sand": 256,
        "stone": 5937,
      },
      "bufferHash": "c6cbc219",
      "heightmapHash": "b3533c31",
      "surfaceYMax": 59,
      "surfaceYMin": 57,
    },
    "-1,0": {
      "biomeCounts": {
        "plains": 256,
      },
      "blockCounts": {
        "air": 22656,
        "bedrock": 256,
        "dirt": 768,
        "sand": 256,
        "stone": 8832,
      },
      "bufferHash": "e6c13146",
      "heightmapHash": "b8686be9",
      "surfaceYMax": 62,
      "surfaceYMin": 59,
    },
    "-1,1": {
      "biomeCounts": {
        "plains": 256,
      },
      "blockCounts": {
        "air": 22675,
        "bedrock": 256,
        "dirt": 768,
        "grass": 1,
        "sand": 255,
        "stone": 8813,
      },
      "bufferHash": "06616d2f",
      "heightmapHash": "9963cf49",
      "surfaceYMax": 66,
      "surfaceYMin": 60,
    },
    "0,-1": {
      "biomeCounts": {
        "forest": 80,
        "plains": 151,
        "savanna": 25,
      },
      "blockCounts": {
        "air": 20217,
        "bedrock": 256,
        "dirt": 743,
        "sand": 256,
        "stone": 11296,
      },
      "bufferHash": "15cdfd50",
      "heightmapHash": "8299fcc1",
      "surfaceYMax": 65,
      "surfaceYMin": 56,
    },
    "0,0": {
      "biomeCounts": {
        "forest": 11,
        "plains": 245,
      },
      "blockCounts": {
        "air": 20406,
        "bedrock": 256,
        "dirt": 768,
        "grass": 25,
        "oxeye_daisy": 1,
        "sand": 231,
        "stone": 11065,
        "tall_grass": 12,
        "tulip_orange": 1,
        "tulip_white": 3,
      },
      "bufferHash": "06bcd7d4",
      "heightmapHash": "b94f1a31",
      "surfaceYMax": 67,
      "surfaceYMin": 59,
    },
    "0,1": {
      "biomeCounts": {
        "plains": 256,
      },
      "blockCounts": {
        "air": 21660,
        "bedrock": 256,
        "dirt": 768,
        "fern": 20,
        "grass": 60,
        "sand": 196,
        "stone": 9785,
        "tall_grass": 23,
      },
      "bufferHash": "73cc80e2",
      "heightmapHash": "0b62cddd",
      "surfaceYMax": 68,
      "surfaceYMin": 60,
    },
    "1,-1": {
      "biomeCounts": {
        "forest": 256,
      },
      "blockCounts": {
        "air": 21727,
        "bedrock": 256,
        "dirt": 768,
        "sand": 256,
        "stone": 9761,
      },
      "bufferHash": "e8840d2c",
      "heightmapHash": "259ad4d5",
      "surfaceYMax": 65,
      "surfaceYMin": 58,
    },
    "1,0": {
      "biomeCounts": {
        "forest": 231,
        "plains": 5,
        "windswept_gravelly_hills": 20,
      },
      "blockCounts": {
        "air": 18960,
        "bedrock": 256,
        "dirt": 708,
        "fern": 37,
        "grass": 131,
        "gravel": 20,
        "leaves": 577,
        "lily_of_the_valley": 4,
        "oxeye_daisy": 1,
        "sand": 105,
        "stone": 11915,
        "tall_grass": 41,
        "tulip_red": 3,
        "wood": 10,
      },
      "bufferHash": "ea487453",
      "heightmapHash": "7c4fb54f",
      "surfaceYMax": 73,
      "surfaceYMin": 60,
    },
    "1,1": {
      "biomeCounts": {
        "forest": 15,
        "grove": 39,
        "plains": 40,
        "windswept_gravelly_hills": 162,
      },
      "blockCounts": {
        "air": 23603,
        "bedrock": 256,
        "dirt": 282,
        "fern": 18,
        "grass": 55,
        "grass_snow": 39,
        "gravel": 162,
        "snow_layer_1": 10,
        "stone": 8288,
        "tall_grass": 53,
        "tulip_orange": 1,
        "tulip_white": 1,
      },
      "bufferHash": "c7eb3fb7",
      "heightmapHash": "3807f355",
      "surfaceYMax": 75,
      "surfaceYMin": 67,
    },
  },
  "seed_99999": {
    "-1,-1": {
      "biomeCounts": {
        "forest": 11,
        "plains": 245,
      },
      "blockCounts": {
        "air": 21619,
        "bedrock": 256,
        "dirt": 768,
        "grass": 15,
        "sand": 241,
        "stone": 9859,
        "tall_grass": 10,
      },
      "bufferHash": "3a1b9d1b",
      "heightmapHash": "8af2f76f",
      "surfaceYMax": 73,
      "surfaceYMin": 60,
    },
    "-1,0": {
      "biomeCounts": {
        "plains": 256,
      },
      "blockCounts": {
        "air": 23136,
        "bedrock": 256,
        "dirt": 768,
        "sand": 256,
        "stone": 8352,
      },
      "bufferHash": "997338e0",
      "heightmapHash": "4e5c28a1",
      "surfaceYMax": 60,
      "surfaceYMin": 57,
    },
    "-1,1": {
      "biomeCounts": {
        "plains": 256,
      },
      "blockCounts": {
        "air": 23935,
        "bedrock": 256,
        "dirt": 768,
        "sand": 256,
        "stone": 7553,
      },
      "bufferHash": "9266be2b",
      "heightmapHash": "c4069199",
      "surfaceYMax": 58,
      "surfaceYMin": 54,
    },
    "0,-1": {
      "biomeCounts": {
        "plains": 256,
      },
      "blockCounts": {
        "air": 23567,
        "bedrock": 256,
        "dirt": 768,
        "sand": 256,
        "stone": 7921,
      },
      "bufferHash": "571b1652",
      "heightmapHash": "2558edbd",
      "surfaceYMax": 61,
      "surfaceYMin": 59,
    },
    "0,0": {
      "biomeCounts": {
        "plains": 256,
      },
      "blockCounts": {
        "air": 24131,
        "bedrock": 256,
        "dirt": 768,
        "sand": 256,
        "stone": 7357,
      },
      "bufferHash": "154dbb47",
      "heightmapHash": "bcbc2459",
      "surfaceYMax": 60,
      "surfaceYMin": 56,
    },
    "0,1": {
      "biomeCounts": {
        "plains": 256,
      },
      "blockCounts": {
        "air": 22441,
        "bedrock": 256,
        "dirt": 768,
        "sand": 256,
        "stone": 9047,
      },
      "bufferHash": "acceb87b",
      "heightmapHash": "aeb38101",
      "surfaceYMax": 57,
      "surfaceYMin": 53,
    },
    "1,-1": {
      "biomeCounts": {
        "plains": 256,
      },
      "blockCounts": {
        "air": 25860,
        "bedrock": 256,
        "dirt": 768,
        "sand": 256,
        "stone": 5628,
      },
      "bufferHash": "3f7a35f1",
      "heightmapHash": "84b6c1c5",
      "surfaceYMax": 60,
      "surfaceYMin": 59,
    },
    "1,0": {
      "biomeCounts": {
        "plains": 256,
      },
      "blockCounts": {
        "air": 25196,
        "bedrock": 256,
        "dirt": 768,
        "sand": 256,
        "stone": 6292,
      },
      "bufferHash": "b32b2233",
      "heightmapHash": "f5e4d8a5",
      "surfaceYMax": 59,
      "surfaceYMin": 56,
    },
    "1,1": {
      "biomeCounts": {
        "desert": 6,
        "plains": 250,
      },
      "blockCounts": {
        "air": 23244,
        "bedrock": 256,
        "dirt": 750,
        "sand": 256,
        "sandstone": 24,
        "stone": 8238,
      },
      "bufferHash": "4d9d95f2",
      "heightmapHash": "c0e4cb81",
      "surfaceYMax": 56,
      "surfaceYMin": 53,
    },
  },
}
`;
