// Vitest Snapshot v1, https://vitest.dev/guide/snapshot.html

exports[`worldgen determinism snapshots > matches stored snapshot for all seeds and chunks (regression) 1`] = `
{
  "seed_12345": {
    "-1,-1": {
      "biomeCounts": {
        "plains": 186,
        "savanna": 70,
      },
      "blockCounts": {
        "air": 28356,
        "bedrock": 256,
        "diamond_ore": 231,
        "dirt": 698,
        "gold_ore": 2,
        "iron_ore": 832,
        "sand": 256,
        "stone": 2137,
      },
      "bufferHash": "0e136700",
      "heightmapHash": "b3533c31",
      "surfaceYMax": 59,
      "surfaceYMin": 57,
    },
    "-1,0": {
      "biomeCounts": {
        "plains": 256,
      },
      "blockCounts": {
        "air": 27950,
        "bedrock": 256,
        "diamond_ore": 16,
        "dirt": 768,
        "gold_ore": 73,
        "iron_ore": 564,
        "sand": 256,
        "stone": 2885,
      },
      "bufferHash": "409d4137",
      "heightmapHash": "b8686be9",
      "surfaceYMax": 62,
      "surfaceYMin": 59,
    },
    "-1,1": {
      "biomeCounts": {
        "plains": 256,
      },
      "blockCounts": {
        "air": 26679,
        "bedrock": 256,
        "diamond_ore": 269,
        "dirt": 768,
        "grass": 1,
        "iron_ore": 263,
        "sand": 255,
        "stone": 4277,
      },
      "bufferHash": "dc8bdbab",
      "heightmapHash": "9963cf49",
      "surfaceYMax": 66,
      "surfaceYMin": 60,
    },
    "0,-1": {
      "biomeCounts": {
        "forest": 80,
        "plains": 151,
        "savanna": 25,
      },
      "blockCounts": {
        "air": 24710,
        "bedrock": 256,
        "diamond_ore": 789,
        "dirt": 743,
        "gold_ore": 217,
        "iron_ore": 225,
        "sand": 256,
        "stone": 5572,
      },
      "bufferHash": "1911b506",
      "heightmapHash": "8299fcc1",
      "surfaceYMax": 65,
      "surfaceYMin": 56,
    },
    "0,0": {
      "biomeCounts": {
        "forest": 11,
        "plains": 245,
      },
      "blockCounts": {
        "air": 25872,
        "bedrock": 256,
        "diamond_ore": 132,
        "dirt": 768,
        "gold_ore": 484,
        "grass": 25,
        "iron_ore": 512,
        "oxeye_daisy": 1,
        "sand": 231,
        "stone": 4471,
        "tall_grass": 12,
        "tulip_orange": 1,
        "tulip_white": 3,
      },
      "bufferHash": "70f2c3ae",
      "heightmapHash": "b94f1a31",
      "surfaceYMax": 67,
      "surfaceYMin": 59,
    },
    "0,1": {
      "biomeCounts": {
        "plains": 256,
      },
      "blockCounts": {
        "air": 25387,
        "bedrock": 256,
        "diamond_ore": 402,
        "dirt": 768,
        "fern": 20,
        "gold_ore": 478,
        "grass": 60,
        "iron_ore": 699,
        "sand": 196,
        "stone": 4479,
        "tall_grass": 23,
      },
      "bufferHash": "fd780c6f",
      "heightmapHash": "0b62cddd",
      "surfaceYMax": 68,
      "surfaceYMin": 60,
    },
    "1,-1": {
      "biomeCounts": {
        "forest": 256,
      },
      "blockCounts": {
        "air": 26525,
        "bedrock": 256,
        "diamond_ore": 68,
        "dirt": 768,
        "gold_ore": 209,
        "iron_ore": 611,
        "sand": 256,
        "stone": 4075,
      },
      "bufferHash": "f47d42f9",
      "heightmapHash": "259ad4d5",
      "surfaceYMax": 65,
      "surfaceYMin": 58,
    },
    "1,0": {
      "biomeCounts": {
        "forest": 231,
        "plains": 5,
        "windswept_gravelly_hills": 20,
      },
      "blockCounts": {
        "air": 24710,
        "bedrock": 256,
        "diamond_ore": 351,
        "dirt": 708,
        "fern": 37,
        "gold_ore": 778,
        "grass": 131,
        "gravel": 20,
        "iron_ore": 1150,
        "leaves": 577,
        "lily_of_the_valley": 4,
        "oxeye_daisy": 1,
        "sand": 105,
        "stone": 3886,
        "tall_grass": 41,
        "tulip_red": 3,
        "wood": 10,
      },
      "bufferHash": "d539f913",
      "heightmapHash": "7c4fb54f",
      "surfaceYMax": 73,
      "surfaceYMin": 60,
    },
    "1,1": {
      "biomeCounts": {
        "forest": 15,
        "grove": 39,
        "plains": 40,
        "windswept_gravelly_hills": 162,
      },
      "blockCounts": {
        "air": 26013,
        "bedrock": 256,
        "diamond_ore": 8,
        "dirt": 282,
        "fern": 18,
        "gold_ore": 64,
        "grass": 55,
        "grass_snow": 39,
        "gravel": 162,
        "iron_ore": 1141,
        "snow_layer_1": 10,
        "stone": 4665,
        "tall_grass": 53,
        "tulip_orange": 1,
        "tulip_white": 1,
      },
      "bufferHash": "2bdfd17d",
      "heightmapHash": "3807f355",
      "surfaceYMax": 75,
      "surfaceYMin": 67,
    },
  },
  "seed_99999": {
    "-1,-1": {
      "biomeCounts": {
        "forest": 11,
        "plains": 245,
      },
      "blockCounts": {
        "air": 26541,
        "bedrock": 256,
        "diamond_ore": 41,
        "dirt": 768,
        "gold_ore": 327,
        "grass": 15,
        "iron_ore": 315,
        "sand": 241,
        "stone": 4254,
        "tall_grass": 10,
      },
      "bufferHash": "39af1a9e",
      "heightmapHash": "8af2f76f",
      "surfaceYMax": 73,
      "surfaceYMin": 60,
    },
    "-1,0": {
      "biomeCounts": {
        "plains": 256,
      },
      "blockCounts": {
        "air": 26021,
        "bedrock": 256,
        "diamond_ore": 441,
        "dirt": 768,
        "gold_ore": 289,
        "iron_ore": 213,
        "sand": 256,
        "stone": 4524,
      },
      "bufferHash": "2b5a43e2",
      "heightmapHash": "4e5c28a1",
      "surfaceYMax": 60,
      "surfaceYMin": 57,
    },
    "-1,1": {
      "biomeCounts": {
        "plains": 256,
      },
      "blockCounts": {
        "air": 26789,
        "bedrock": 256,
        "dirt": 768,
        "gold_ore": 245,
        "iron_ore": 157,
        "sand": 256,
        "stone": 4297,
      },
      "bufferHash": "ff5fc66a",
      "heightmapHash": "c4069199",
      "surfaceYMax": 58,
      "surfaceYMin": 54,
    },
    "0,-1": {
      "biomeCounts": {
        "plains": 256,
      },
      "blockCounts": {
        "air": 27705,
        "bedrock": 256,
        "diamond_ore": 341,
        "dirt": 768,
        "gold_ore": 145,
        "iron_ore": 68,
        "sand": 256,
        "stone": 3229,
      },
      "bufferHash": "0be47b2b",
      "heightmapHash": "2558edbd",
      "surfaceYMax": 61,
      "surfaceYMin": 59,
    },
    "0,0": {
      "biomeCounts": {
        "plains": 256,
      },
      "blockCounts": {
        "air": 26361,
        "bedrock": 256,
        "dirt": 768,
        "gold_ore": 45,
        "iron_ore": 689,
        "sand": 256,
        "stone": 4393,
      },
      "bufferHash": "38ba7dda",
      "heightmapHash": "bcbc2459",
      "surfaceYMax": 60,
      "surfaceYMin": 56,
    },
    "0,1": {
      "biomeCounts": {
        "plains": 256,
      },
      "blockCounts": {
        "air": 26325,
        "bedrock": 256,
        "diamond_ore": 48,
        "dirt": 768,
        "gold_ore": 166,
        "iron_ore": 83,
        "sand": 256,
        "stone": 4866,
      },
      "bufferHash": "e61c6d6d",
      "heightmapHash": "aeb38101",
      "surfaceYMax": 57,
      "surfaceYMin": 53,
    },
    "1,-1": {
      "biomeCounts": {
        "plains": 256,
      },
      "blockCounts": {
        "air": 28126,
        "bedrock": 256,
        "diamond_ore": 130,
        "dirt": 768,
        "gold_ore": 41,
        "iron_ore": 151,
        "sand": 256,
        "stone": 3040,
      },
      "bufferHash": "38a6eb44",
      "heightmapHash": "84b6c1c5",
      "surfaceYMax": 60,
      "surfaceYMin": 59,
    },
    "1,0": {
      "biomeCounts": {
        "plains": 256,
      },
      "blockCounts": {
        "air": 26868,
        "bedrock": 256,
        "diamond_ore": 1138,
        "dirt": 768,
        "gold_ore": 686,
        "iron_ore": 651,
        "sand": 256,
        "stone": 2145,
      },
      "bufferHash": "e9753321",
      "heightmapHash": "f5e4d8a5",
      "surfaceYMax": 59,
      "surfaceYMin": 56,
    },
    "1,1": {
      "biomeCounts": {
        "desert": 6,
        "plains": 250,
      },
      "blockCounts": {
        "air": 25715,
        "bedrock": 256,
        "diamond_ore": 97,
        "dirt": 750,
        "gold_ore": 189,
        "iron_ore": 110,
        "sand": 256,
        "sandstone": 24,
        "stone": 5371,
      },
      "bufferHash": "49a7bd18",
      "heightmapHash": "c0e4cb81",
      "surfaceYMax": 56,
      "surfaceYMin": 53,
    },
  },
}
`;
