// Vitest Snapshot v1, https://vitest.dev/guide/snapshot.html

exports[`worldgen determinism snapshots > matches stored snapshot for all seeds and chunks (regression) 1`] = `
{
  "seed_12345": {
    "-1,-1": {
      "biomeCounts": {
        "plains": 256,
      },
      "blockCounts": {
        "air": 85947,
        "bedrock": 256,
        "diamond_ore": 101,
        "dirt": 768,
        "gold_ore": 575,
        "iron_ore": 394,
        "sand": 256,
        "stone": 10007,
      },
      "bufferHash": "34f5e869",
      "heightmapHash": "ec587925",
      "surfaceYMax": 62,
      "surfaceYMin": 53,
    },
    "-1,0": {
      "biomeCounts": {
        "plains": 256,
      },
      "blockCounts": {
        "air": 87355,
        "bedrock": 256,
        "diamond_ore": 263,
        "dirt": 768,
        "gold_ore": 362,
        "iron_ore": 1003,
        "sand": 256,
        "stone": 8041,
      },
      "bufferHash": "c31017ce",
      "heightmapHash": "fb8c97c5",
      "surfaceYMax": 57,
      "surfaceYMin": 48,
    },
    "-1,1": {
      "biomeCounts": {
        "plains": 256,
      },
      "blockCounts": {
        "air": 87231,
        "bedrock": 256,
        "diamond_ore": 193,
        "dirt": 768,
        "gold_ore": 672,
        "iron_ore": 539,
        "sand": 256,
        "stone": 8389,
      },
      "bufferHash": "4e11874a",
      "heightmapHash": "057b863d",
      "surfaceYMax": 51,
      "surfaceYMin": 47,
    },
    "0,-1": {
      "biomeCounts": {
        "plains": 256,
      },
      "blockCounts": {
        "air": 87928,
        "bedrock": 256,
        "diamond_ore": 698,
        "dirt": 768,
        "gold_ore": 366,
        "iron_ore": 1184,
        "sand": 256,
        "stone": 6848,
      },
      "bufferHash": "faafb26d",
      "heightmapHash": "14747e85",
      "surfaceYMax": 63,
      "surfaceYMin": 57,
    },
    "0,0": {
      "biomeCounts": {
        "plains": 256,
      },
      "blockCounts": {
        "air": 85918,
        "bedrock": 256,
        "diamond_ore": 392,
        "dirt": 768,
        "gold_ore": 656,
        "iron_ore": 1249,
        "sand": 256,
        "stone": 8809,
      },
      "bufferHash": "1f482b5b",
      "heightmapHash": "78d798fd",
      "surfaceYMax": 60,
      "surfaceYMin": 51,
    },
    "0,1": {
      "biomeCounts": {
        "plains": 256,
      },
      "blockCounts": {
        "air": 87547,
        "bedrock": 256,
        "diamond_ore": 259,
        "dirt": 768,
        "gold_ore": 904,
        "iron_ore": 821,
        "sand": 256,
        "stone": 7493,
      },
      "bufferHash": "65644990",
      "heightmapHash": "92b15f6d",
      "surfaceYMax": 56,
      "surfaceYMin": 48,
    },
    "1,-1": {
      "biomeCounts": {
        "plains": 256,
      },
      "blockCounts": {
        "air": 88885,
        "bedrock": 256,
        "diamond_ore": 173,
        "dirt": 768,
        "gold_ore": 308,
        "iron_ore": 1500,
        "sand": 256,
        "stone": 6158,
      },
      "bufferHash": "c824023d",
      "heightmapHash": "03f095f1",
      "surfaceYMax": 63,
      "surfaceYMin": 61,
    },
    "1,0": {
      "biomeCounts": {
        "plains": 256,
      },
      "blockCounts": {
        "air": 86749,
        "bedrock": 256,
        "diamond_ore": 220,
        "dirt": 768,
        "gold_ore": 499,
        "iron_ore": 830,
        "sand": 256,
        "stone": 8726,
      },
      "bufferHash": "e10097de",
      "heightmapHash": "92e792f1",
      "surfaceYMax": 61,
      "surfaceYMin": 56,
    },
    "1,1": {
      "biomeCounts": {
        "plains": 256,
      },
      "blockCounts": {
        "air": 86629,
        "bedrock": 256,
        "diamond_ore": 220,
        "dirt": 768,
        "gold_ore": 1345,
        "iron_ore": 1005,
        "sand": 256,
        "stone": 7825,
      },
      "bufferHash": "72a11478",
      "heightmapHash": "ecba9a69",
      "surfaceYMax": 60,
      "surfaceYMin": 52,
    },
  },
  "seed_99999": {
    "-1,-1": {
      "biomeCounts": {
        "plains": 220,
        "savanna": 36,
      },
      "blockCounts": {
        "air": 86450,
        "bedrock": 256,
        "diamond_ore": 185,
        "dirt": 732,
        "gold_ore": 846,
        "iron_ore": 1501,
        "sand": 256,
        "stone": 8078,
      },
      "bufferHash": "10c36811",
      "heightmapHash": "f4d9fe8d",
      "surfaceYMax": 58,
      "surfaceYMin": 52,
    },
    "-1,0": {
      "biomeCounts": {
        "plains": 256,
      },
      "blockCounts": {
        "air": 86273,
        "bedrock": 256,
        "diamond_ore": 280,
        "dirt": 768,
        "gold_ore": 238,
        "iron_ore": 1351,
        "sand": 256,
        "stone": 8882,
      },
      "bufferHash": "145b88e0",
      "heightmapHash": "49f8db15",
      "surfaceYMax": 62,
      "surfaceYMin": 57,
    },
    "-1,1": {
      "biomeCounts": {
        "plains": 256,
      },
      "blockCounts": {
        "air": 86962,
        "bedrock": 256,
        "diamond_ore": 103,
        "dirt": 768,
        "gold_ore": 901,
        "grass": 47,
        "iron_ore": 1525,
        "sand": 209,
        "stone": 7516,
        "tall_grass": 17,
      },
      "bufferHash": "c04912b0",
      "heightmapHash": "afaa2d55",
      "surfaceYMax": 64,
      "surfaceYMin": 59,
    },
    "0,-1": {
      "biomeCounts": {
        "plains": 256,
      },
      "blockCounts": {
        "air": 88222,
        "bedrock": 256,
        "diamond_ore": 375,
        "dirt": 768,
        "gold_ore": 368,
        "iron_ore": 1616,
        "sand": 256,
        "stone": 6443,
      },
      "bufferHash": "d5cc462b",
      "heightmapHash": "ca0ec59d",
      "surfaceYMax": 57,
      "surfaceYMin": 52,
    },
    "0,0": {
      "biomeCounts": {
        "plains": 256,
      },
      "blockCounts": {
        "air": 85243,
        "bedrock": 256,
        "diamond_ore": 1063,
        "dirt": 768,
        "gold_ore": 599,
        "iron_ore": 1023,
        "sand": 256,
        "stone": 9096,
      },
      "bufferHash": "d3940f8b",
      "heightmapHash": "b9a289cd",
      "surfaceYMax": 59,
      "surfaceYMin": 56,
    },
    "0,1": {
      "biomeCounts": {
        "plains": 256,
      },
      "blockCounts": {
        "air": 86177,
        "bedrock": 256,
        "diamond_ore": 32,
        "dirt": 768,
        "gold_ore": 1167,
        "iron_ore": 1258,
        "sand": 256,
        "stone": 8390,
      },
      "bufferHash": "f22d4584",
      "heightmapHash": "cacb7b29",
      "surfaceYMax": 60,
      "surfaceYMin": 59,
    },
    "1,-1": {
      "biomeCounts": {
        "plains": 256,
      },
      "blockCounts": {
        "air": 88023,
        "bedrock": 256,
        "diamond_ore": 391,
        "dirt": 768,
        "gold_ore": 365,
        "iron_ore": 801,
        "sand": 256,
        "stone": 7444,
      },
      "bufferHash": "b82ea945",
      "heightmapHash": "8c8b7b3d",
      "surfaceYMax": 56,
      "surfaceYMin": 51,
    },
    "1,0": {
      "biomeCounts": {
        "plains": 209,
        "savanna": 47,
      },
      "blockCounts": {
        "air": 86720,
        "bedrock": 256,
        "diamond_ore": 232,
        "dirt": 721,
        "gold_ore": 110,
        "iron_ore": 1780,
        "sand": 256,
        "stone": 8229,
      },
      "bufferHash": "ed17af8b",
      "heightmapHash": "ac42d1e9",
      "surfaceYMax": 59,
      "surfaceYMin": 55,
    },
    "1,1": {
      "biomeCounts": {
        "plains": 207,
        "savanna": 49,
      },
      "blockCounts": {
        "air": 89671,
        "bedrock": 256,
        "diamond_ore": 578,
        "dirt": 719,
        "gold_ore": 359,
        "iron_ore": 933,
        "sand": 256,
        "stone": 5532,
      },
      "bufferHash": "54fb6d22",
      "heightmapHash": "bebf07c5",
      "surfaceYMax": 59,
      "surfaceYMin": 58,
    },
  },
}
`;
